[     444ms] [INFO] %cDownload the React DevTools for a better development experience: https://react.dev/link/react-devtools font-weight:bold @ http://localhost:3000/_next/static/chunks/d14e7_next_dist_51049c13._.js:2297
[     584ms] [LOG] [HMR] connected @ http://localhost:3000/_next/static/chunks/d14e7_next_dist_51049c13._.js:2297
[     888ms] [WARNING] Image with src "/images/hero/keyboard-hero.webp" was detected as the Largest Contentful Paint (LCP). Please add the `loading="eager"` property if this image is above the fold.
Read more: https://nextjs.org/docs/app/api-reference/components/image#loading @ http://localhost:3000/_next/static/chunks/d14e7_next_dist_51049c13._.js:2297
[     999ms] [LOG] %c[Vercel Web Analytics]%c Debug mode is enabled by default in development. No requests will be sent to the server. color: rgb(120, 120, 120) color: inherit @ http://localhost:3000/_next/static/chunks/d14e7_next_dist_51049c13._.js:2297
[    1000ms] [LOG] %c[Vercel Web Analytics]%c [view] http://localhost:3000/?r=0 color: rgb(120, 120, 120) color: inherit {o: http://localhost:3000/?r=0, sv: 0.1.3, sdkn: @vercel/analytics/react, sdkv: 1.6.1, ts: 1787620970656} /_vercel/insights/view @ http://localhost:3000/_next/static/chunks/d14e7_next_dist_51049c13._.js:2297
[    1298ms] [LOG] [Fast Refresh] rebuilding @ http://localhost:3000/_next/static/chunks/d14e7_next_dist_51049c13._.js:2297
[    1372ms] [LOG] [Fast Refresh] done in 177ms @ http://localhost:3000/_next/static/chunks/d14e7_next_dist_51049c13._.js:2297
[    1534ms] [INFO] %cDownload the React DevTools for a better development experience: https://react.dev/link/react-devtools font-weight:bold @ http://localhost:3000/_next/static/chunks/d14e7_next_dist_51049c13._.js:2297
[    1566ms] [LOG] [HMR] connected @ http://localhost:3000/_next/static/chunks/d14e7_next_dist_51049c13._.js:2297
[    1821ms] [WARNING] Image with src "/images/hero/keyboard-hero.webp" was detected as the Largest Contentful Paint (LCP). Please add the `loading="eager"` property if this image is above the fold.
Read more: https://nextjs.org/docs/app/api-reference/components/image#loading @ http://localhost:3000/_next/static/chunks/d14e7_next_dist_51049c13._.js:2297
[    1911ms] [LOG] %c[Vercel Web Analytics]%c Debug mode is enabled by default in development. No requests will be sent to the server. color: rgb(120, 120, 120) color: inherit @ http://localhost:3000/_next/static/chunks/d14e7_next_dist_51049c13._.js:2297
[    1912ms] [LOG] %c[Vercel Web Analytics]%c [view] http://localhost:3000/?r=1 color: rgb(120, 120, 120) color: inherit {o: http://localhost:3000/?r=1, sv: 0.1.3, sdkn: @vercel/analytics/react, sdkv: 1.6.1, ts: 1787620971569} /_vercel/insights/view @ http://localhost:3000/_next/static/chunks/d14e7_next_dist_51049c13._.js:2297
[    2475ms] [LOG] [Fast Refresh] rebuilding @ http://localhost:3000/_next/static/chunks/d14e7_next_dist_51049c13._.js:2297
[    2739ms] [LOG] [Fast Refresh] done in 369ms @ http://localhost:3000/_next/static/chunks/d14e7_next_dist_51049c13._.js:2297
[    2908ms] [INFO] %cDownload the React DevTools for a better development experience: https://react.dev/link/react-devtools font-weight:bold @ http://localhost:3000/_next/static/chunks/d14e7_next_dist_51049c13._.js:2297
[    2939ms] [LOG] [HMR] connected @ http://localhost:3000/_next/static/chunks/d14e7_next_dist_51049c13._.js:2297
[    3258ms] [WARNING] Image with src "/images/hero/ian-sunglasses.webp" was detected as the Largest Contentful Paint (LCP). Please add the `loading="eager"` property if this image is above the fold.
Read more: https://nextjs.org/docs/app/api-reference/components/image#loading @ http://localhost:3000/_next/static/chunks/d14e7_next_dist_51049c13._.js:2297
[    3259ms] [WARNING] Image with src "/images/hero/keyboard-hero.webp" was detected as the Largest Contentful Paint (LCP). Please add the `loading="eager"` property if this image is above the fold.
Read more: https://nextjs.org/docs/app/api-reference/components/image#loading @ http://localhost:3000/_next/static/chunks/d14e7_next_dist_51049c13._.js:2297
[    3345ms] [LOG] %c[Vercel Web Analytics]%c Debug mode is enabled by default in development. No requests will be sent to the server. color: rgb(120, 120, 120) color: inherit @ http://localhost:3000/_next/static/chunks/d14e7_next_dist_51049c13._.js:2297
[    3345ms] [LOG] %c[Vercel Web Analytics]%c [view] http://localhost:3000/?r=2 color: rgb(120, 120, 120) color: inherit {o: http://localhost:3000/?r=2, sv: 0.1.3, sdkn: @vercel/analytics/react, sdkv: 1.6.1, ts: 1787620973002} /_vercel/insights/view @ http://localhost:3000/_next/static/chunks/d14e7_next_dist_51049c13._.js:2297
[    3813ms] [LOG] [Fast Refresh] rebuilding @ http://localhost:3000/_next/static/chunks/d14e7_next_dist_51049c13._.js:2297
[    3974ms] [LOG] [Fast Refresh] done in 265ms @ http://localhost:3000/_next/static/chunks/d14e7_next_dist_51049c13._.js:2297
[    4118ms] [INFO] %cDownload the React DevTools for a better development experience: https://react.dev/link/react-devtools font-weight:bold @ http://localhost:3000/_next/static/chunks/d14e7_next_dist_51049c13._.js:2297
[    4149ms] [LOG] [HMR] connected @ http://localhost:3000/_next/static/chunks/d14e7_next_dist_51049c13._.js:2297
[    4452ms] [WARNING] Image with src "/images/hero/ian-sunglasses.webp" was detected as the Largest Contentful Paint (LCP). Please add the `loading="eager"` property if this image is above the fold.
Read more: https://nextjs.org/docs/app/api-reference/components/image#loading @ http://localhost:3000/_next/static/chunks/d14e7_next_dist_51049c13._.js:2297
[    4453ms] [WARNING] Image with src "/images/hero/keyboard-hero.webp" was detected as the Largest Contentful Paint (LCP). Please add the `loading="eager"` property if this image is above the fold.
Read more: https://nextjs.org/docs/app/api-reference/components/image#loading @ http://localhost:3000/_next/static/chunks/d14e7_next_dist_51049c13._.js:2297
[    4584ms] [LOG] %c[Vercel Web Analytics]%c Debug mode is enabled by default in development. No requests will be sent to the server. color: rgb(120, 120, 120) color: inherit @ http://localhost:3000/_next/static/chunks/d14e7_next_dist_51049c13._.js:2297
[    4584ms] [LOG] %c[Vercel Web Analytics]%c [view] http://localhost:3000/?r=3 color: rgb(120, 120, 120) color: inherit {o: http://localhost:3000/?r=3, sv: 0.1.3, sdkn: @vercel/analytics/react, sdkv: 1.6.1, ts: 1787620974242} /_vercel/insights/view @ http://localhost:3000/_next/static/chunks/d14e7_next_dist_51049c13._.js:2297
[    5050ms] [LOG] [Fast Refresh] rebuilding @ http://localhost:3000/_next/static/chunks/d14e7_next_dist_51049c13._.js:2297
[    5252ms] [LOG] [Fast Refresh] done in 307ms @ http://localhost:3000/_next/static/chunks/d14e7_next_dist_51049c13._.js:2297
[    5413ms] [INFO] %cDownload the React DevTools for a better development experience: https://react.dev/link/react-devtools font-weight:bold @ http://localhost:3000/_next/static/chunks/d14e7_next_dist_51049c13._.js:2297
[    5455ms] [LOG] [HMR] connected @ http://localhost:3000/_next/static/chunks/d14e7_next_dist_51049c13._.js:2297
[    5708ms] [WARNING] Image with src "/images/hero/keyboard-hero.webp" was detected as the Largest Contentful Paint (LCP). Please add the `loading="eager"` property if this image is above the fold.
Read more: https://nextjs.org/docs/app/api-reference/components/image#loading @ http://localhost:3000/_next/static/chunks/d14e7_next_dist_51049c13._.js:2297
[    5790ms] [LOG] %c[Vercel Web Analytics]%c Debug mode is enabled by default in development. No requests will be sent to the server. color: rgb(120, 120, 120) color: inherit @ http://localhost:3000/_next/static/chunks/d14e7_next_dist_51049c13._.js:2297
[    5790ms] [LOG] %c[Vercel Web Analytics]%c [view] http://localhost:3000/?r=4 color: rgb(120, 120, 120) color: inherit {o: http://localhost:3000/?r=4, sv: 0.1.3, sdkn: @vercel/analytics/react, sdkv: 1.6.1, ts: 1787620975448} /_vercel/insights/view @ http://localhost:3000/_next/static/chunks/d14e7_next_dist_51049c13._.js:2297
[    6320ms] [LOG] [Fast Refresh] rebuilding @ http://localhost:3000/_next/static/chunks/d14e7_next_dist_51049c13._.js:2297
[    6412ms] [LOG] [Fast Refresh] done in 194ms @ http://localhost:3000/_next/static/chunks/d14e7_next_dist_51049c13._.js:2297
[    6581ms] [INFO] %cDownload the React DevTools for a better development experience: https://react.dev/link/react-devtools font-weight:bold @ http://localhost:3000/_next/static/chunks/d14e7_next_dist_51049c13._.js:2297
[    6613ms] [LOG] [HMR] connected @ http://localhost:3000/_next/static/chunks/d14e7_next_dist_51049c13._.js:2297
[    6880ms] [WARNING] Image with src "/images/hero/ian-sunglasses.webp" was detected as the Largest Contentful Paint (LCP). Please add the `loading="eager"` property if this image is above the fold.
Read more: https://nextjs.org/docs/app/api-reference/components/image#loading @ http://localhost:3000/_next/static/chunks/d14e7_next_dist_51049c13._.js:2297
[    6880ms] [WARNING] Image with src "/images/hero/keyboard-hero.webp" was detected as the Largest Contentful Paint (LCP). Please add the `loading="eager"` property if this image is above the fold.
Read more: https://nextjs.org/docs/app/api-reference/components/image#loading @ http://localhost:3000/_next/static/chunks/d14e7_next_dist_51049c13._.js:2297
[    6969ms] [LOG] %c[Vercel Web Analytics]%c Debug mode is enabled by default in development. No requests will be sent to the server. color: rgb(120, 120, 120) color: inherit @ http://localhost:3000/_next/static/chunks/d14e7_next_dist_51049c13._.js:2297
[    6970ms] [LOG] %c[Vercel Web Analytics]%c [view] http://localhost:3000/?r=5 color: rgb(120, 120, 120) color: inherit {o: http://localhost:3000/?r=5, sv: 0.1.3, sdkn: @vercel/analytics/react, sdkv: 1.6.1, ts: 1787620976627} /_vercel/insights/view @ http://localhost:3000/_next/static/chunks/d14e7_next_dist_51049c13._.js:2297
[    7465ms] [LOG] [Fast Refresh] rebuilding @ http://localhost:3000/_next/static/chunks/d14e7_next_dist_51049c13._.js:2297
[    7538ms] [LOG] [Fast Refresh] done in 175ms @ http://localhost:3000/_next/static/chunks/d14e7_next_dist_51049c13._.js:2297
[    7668ms] [INFO] %cDownload the React DevTools for a better development experience: https://react.dev/link/react-devtools font-weight:bold @ http://localhost:3000/_next/static/chunks/d14e7_next_dist_51049c13._.js:2297
[    7697ms] [LOG] [HMR] connected @ http://localhost:3000/_next/static/chunks/d14e7_next_dist_51049c13._.js:2297
[    7979ms] [WARNING] Image with src "/images/hero/ian-sunglasses.webp" was detected as the Largest Contentful Paint (LCP). Please add the `loading="eager"` property if this image is above the fold.
Read more: https://nextjs.org/docs/app/api-reference/components/image#loading @ http://localhost:3000/_next/static/chunks/d14e7_next_dist_51049c13._.js:2297
[    7979ms] [WARNING] Image with src "/images/hero/keyboard-hero.webp" was detected as the Largest Contentful Paint (LCP). Please add the `loading="eager"` property if this image is above the fold.
Read more: https://nextjs.org/docs/app/api-reference/components/image#loading @ http://localhost:3000/_next/static/chunks/d14e7_next_dist_51049c13._.js:2297
[    8050ms] [LOG] %c[Vercel Web Analytics]%c Debug mode is enabled by default in development. No requests will be sent to the server. color: rgb(120, 120, 120) color: inherit @ http://localhost:3000/_next/static/chunks/d14e7_next_dist_51049c13._.js:2297
[    8051ms] [LOG] %c[Vercel Web Analytics]%c [view] http://localhost:3000/?r=6 color: rgb(120, 120, 120) color: inherit {o: http://localhost:3000/?r=6, sv: 0.1.3, sdkn: @vercel/analytics/react, sdkv: 1.6.1, ts: 1787620977708} /_vercel/insights/view @ http://localhost:3000/_next/static/chunks/d14e7_next_dist_51049c13._.js:2297
[    8585ms] [LOG] [Fast Refresh] rebuilding @ http://localhost:3000/_next/static/chunks/d14e7_next_dist_51049c13._.js:2297
[    8675ms] [LOG] [Fast Refresh] done in 196ms @ http://localhost:3000/_next/static/chunks/d14e7_next_dist_51049c13._.js:2297
[    8827ms] [INFO] %cDownload the React DevTools for a better development experience: https://react.dev/link/react-devtools font-weight:bold @ http://localhost:3000/_next/static/chunks/d14e7_next_dist_51049c13._.js:2297
[    8863ms] [LOG] [HMR] connected @ http://localhost:3000/_next/static/chunks/d14e7_next_dist_51049c13._.js:2297
[    9099ms] [WARNING] Image with src "/images/hero/ian-sunglasses.webp" was detected as the Largest Contentful Paint (LCP). Please add the `loading="eager"` property if this image is above the fold.
Read more: https://nextjs.org/docs/app/api-reference/components/image#loading @ http://localhost:3000/_next/static/chunks/d14e7_next_dist_51049c13._.js:2297
[    9099ms] [WARNING] Image with src "/images/hero/keyboard-hero.webp" was detected as the Largest Contentful Paint (LCP). Please add the `loading="eager"` property if this image is above the fold.
Read more: https://nextjs.org/docs/app/api-reference/components/image#loading @ http://localhost:3000/_next/static/chunks/d14e7_next_dist_51049c13._.js:2297
[    9184ms] [LOG] %c[Vercel Web Analytics]%c Debug mode is enabled by default in development. No requests will be sent to the server. color: rgb(120, 120, 120) color: inherit @ http://localhost:3000/_next/static/chunks/d14e7_next_dist_51049c13._.js:2297
[    9185ms] [LOG] %c[Vercel Web Analytics]%c [view] http://localhost:3000/?r=7 color: rgb(120, 120, 120) color: inherit {o: http://localhost:3000/?r=7, sv: 0.1.3, sdkn: @vercel/analytics/react, sdkv: 1.6.1, ts: 1787620978842} /_vercel/insights/view @ http://localhost:3000/_next/static/chunks/d14e7_next_dist_51049c13._.js:2297
[    9736ms] [LOG] [Fast Refresh] rebuilding @ http://localhost:3000/_next/static/chunks/d14e7_next_dist_51049c13._.js:2297
[    9854ms] [LOG] [Fast Refresh] done in 221ms @ http://localhost:3000/_next/static/chunks/d14e7_next_dist_51049c13._.js:2297
[    9978ms] [INFO] %cDownload the React DevTools for a better development experience: https://react.dev/link/react-devtools font-weight:bold @ http://localhost:3000/_next/static/chunks/d14e7_next_dist_51049c13._.js:2297
[   10008ms] [LOG] [HMR] connected @ http://localhost:3000/_next/static/chunks/d14e7_next_dist_51049c13._.js:2297
[   10256ms] [WARNING] Image with src "/images/hero/ian-sunglasses.webp" was detected as the Largest Contentful Paint (LCP). Please add the `loading="eager"` property if this image is above the fold.
Read more: https://nextjs.org/docs/app/api-reference/components/image#loading @ http://localhost:3000/_next/static/chunks/d14e7_next_dist_51049c13._.js:2297
[   10256ms] [WARNING] Image with src "/images/hero/keyboard-hero.webp" was detected as the Largest Contentful Paint (LCP). Please add the `loading="eager"` property if this image is above the fold.
Read more: https://nextjs.org/docs/app/api-reference/components/image#loading @ http://localhost:3000/_next/static/chunks/d14e7_next_dist_51049c13._.js:2297
[   10332ms] [LOG] %c[Vercel Web Analytics]%c Debug mode is enabled by default in development. No requests will be sent to the server. color: rgb(120, 120, 120) color: inherit @ http://localhost:3000/_next/static/chunks/d14e7_next_dist_51049c13._.js:2297
[   10332ms] [LOG] %c[Vercel Web Analytics]%c [view] http://localhost:3000/?r=8 color: rgb(120, 120, 120) color: inherit {o: http://localhost:3000/?r=8, sv: 0.1.3, sdkn: @vercel/analytics/react, sdkv: 1.6.1, ts: 1787620979989} /_vercel/insights/view @ http://localhost:3000/_next/static/chunks/d14e7_next_dist_51049c13._.js:2297
[   10902ms] [LOG] [Fast Refresh] rebuilding @ http://localhost:3000/_next/static/chunks/d14e7_next_dist_51049c13._.js:2297
[   10986ms] [LOG] [Fast Refresh] done in 188ms @ http://localhost:3000/_next/static/chunks/d14e7_next_dist_51049c13._.js:2297
[   11110ms] [INFO] %cDownload the React DevTools for a better development experience: https://react.dev/link/react-devtools font-weight:bold @ http://localhost:3000/_next/static/chunks/d14e7_next_dist_51049c13._.js:2297
[   11139ms] [LOG] [HMR] connected @ http://localhost:3000/_next/static/chunks/d14e7_next_dist_51049c13._.js:2297
[   11404ms] [WARNING] Image with src "/images/hero/keyboard-hero.webp" was detected as the Largest Contentful Paint (LCP). Please add the `loading="eager"` property if this image is above the fold.
Read more: https://nextjs.org/docs/app/api-reference/components/image#loading @ http://localhost:3000/_next/static/chunks/d14e7_next_dist_51049c13._.js:2297
[   11482ms] [LOG] %c[Vercel Web Analytics]%c Debug mode is enabled by default in development. No requests will be sent to the server. color: rgb(120, 120, 120) color: inherit @ http://localhost:3000/_next/static/chunks/d14e7_next_dist_51049c13._.js:2297
[   11483ms] [LOG] %c[Vercel Web Analytics]%c [view] http://localhost:3000/?r=9 color: rgb(120, 120, 120) color: inherit {o: http://localhost:3000/?r=9, sv: 0.1.3, sdkn: @vercel/analytics/react, sdkv: 1.6.1, ts: 1787620981139} /_vercel/insights/view @ http://localhost:3000/_next/static/chunks/d14e7_next_dist_51049c13._.js:2297
