[     572ms] [INFO] %cDownload the React DevTools for a better development experience: https://react.dev/link/react-devtools font-weight:bold @ http://localhost:3000/_next/static/chunks/d14e7_next_dist_51049c13._.js:2297
[     731ms] [LOG] [HMR] connected @ http://localhost:3000/_next/static/chunks/d14e7_next_dist_51049c13._.js:2297
[    1176ms] [WARNING] Image with src "/images/hero/ian-sunglasses.webp" was detected as the Largest Contentful Paint (LCP). Please add the `loading="eager"` property if this image is above the fold.
Read more: https://nextjs.org/docs/app/api-reference/components/image#loading @ http://localhost:3000/_next/static/chunks/d14e7_next_dist_51049c13._.js:2297
[    1306ms] [LOG] %c[Vercel Web Analytics]%c Debug mode is enabled by default in development. No requests will be sent to the server. color: rgb(120, 120, 120) color: inherit @ http://localhost:3000/_next/static/chunks/d14e7_next_dist_51049c13._.js:2297
[    1306ms] [LOG] %c[Vercel Web Analytics]%c [view] http://localhost:3000/?r=0 color: rgb(120, 120, 120) color: inherit {o: http://localhost:3000/?r=0, sv: 0.1.3, sdkn: @vercel/analytics/react, sdkv: 1.6.1, ts: 1787620957958} /_vercel/insights/view @ http://localhost:3000/_next/static/chunks/d14e7_next_dist_51049c13._.js:2297
[    1403ms] [LOG] [Fast Refresh] rebuilding @ http://localhost:3000/_next/static/chunks/d14e7_next_dist_51049c13._.js:2297
[    1744ms] [LOG] [Fast Refresh] done in 443ms @ http://localhost:3000/_next/static/chunks/d14e7_next_dist_51049c13._.js:2297
[    1995ms] [INFO] %cDownload the React DevTools for a better development experience: https://react.dev/link/react-devtools font-weight:bold @ http://localhost:3000/_next/static/chunks/d14e7_next_dist_51049c13._.js:2297
[    2043ms] [LOG] [HMR] connected @ http://localhost:3000/_next/static/chunks/d14e7_next_dist_51049c13._.js:2297
[    2470ms] [WARNING] Image with src "/images/hero/ian-sunglasses.webp" was detected as the Largest Contentful Paint (LCP). Please add the `loading="eager"` property if this image is above the fold.
Read more: https://nextjs.org/docs/app/api-reference/components/image#loading @ http://localhost:3000/_next/static/chunks/d14e7_next_dist_51049c13._.js:2297
[    2534ms] [LOG] %c[Vercel Web Analytics]%c Debug mode is enabled by default in development. No requests will be sent to the server. color: rgb(120, 120, 120) color: inherit @ http://localhost:3000/_next/static/chunks/d14e7_next_dist_51049c13._.js:2297
[    2535ms] [LOG] %c[Vercel Web Analytics]%c [view] http://localhost:3000/?r=1 color: rgb(120, 120, 120) color: inherit {o: http://localhost:3000/?r=1, sv: 0.1.3, sdkn: @vercel/analytics/react, sdkv: 1.6.1, ts: 1787620959187} /_vercel/insights/view @ http://localhost:3000/_next/static/chunks/d14e7_next_dist_51049c13._.js:2297
[    2812ms] [LOG] [Fast Refresh] rebuilding @ http://localhost:3000/_next/static/chunks/d14e7_next_dist_51049c13._.js:2297
[    3091ms] [LOG] [Fast Refresh] done in 379ms @ http://localhost:3000/_next/static/chunks/d14e7_next_dist_51049c13._.js:2297
[    3244ms] [INFO] %cDownload the React DevTools for a better development experience: https://react.dev/link/react-devtools font-weight:bold @ http://localhost:3000/_next/static/chunks/d14e7_next_dist_51049c13._.js:2297
[    3282ms] [LOG] [HMR] connected @ http://localhost:3000/_next/static/chunks/d14e7_next_dist_51049c13._.js:2297
[    3667ms] [WARNING] Image with src "/images/hero/ian-sunglasses.webp" was detected as the Largest Contentful Paint (LCP). Please add the `loading="eager"` property if this image is above the fold.
Read more: https://nextjs.org/docs/app/api-reference/components/image#loading @ http://localhost:3000/_next/static/chunks/d14e7_next_dist_51049c13._.js:2297
[    3762ms] [LOG] %c[Vercel Web Analytics]%c Debug mode is enabled by default in development. No requests will be sent to the server. color: rgb(120, 120, 120) color: inherit @ http://localhost:3000/_next/static/chunks/d14e7_next_dist_51049c13._.js:2297
[    3762ms] [LOG] %c[Vercel Web Analytics]%c [view] http://localhost:3000/?r=2 color: rgb(120, 120, 120) color: inherit {o: http://localhost:3000/?r=2, sv: 0.1.3, sdkn: @vercel/analytics/react, sdkv: 1.6.1, ts: 1787620960414} /_vercel/insights/view @ http://localhost:3000/_next/static/chunks/d14e7_next_dist_51049c13._.js:2297
[    4141ms] [LOG] [Fast Refresh] rebuilding @ http://localhost:3000/_next/static/chunks/d14e7_next_dist_51049c13._.js:2297
[    4369ms] [LOG] [Fast Refresh] done in 332ms @ http://localhost:3000/_next/static/chunks/d14e7_next_dist_51049c13._.js:2297
[    4520ms] [INFO] %cDownload the React DevTools for a better development experience: https://react.dev/link/react-devtools font-weight:bold @ http://localhost:3000/_next/static/chunks/d14e7_next_dist_51049c13._.js:2297
[    4577ms] [LOG] [HMR] connected @ http://localhost:3000/_next/static/chunks/d14e7_next_dist_51049c13._.js:2297
[    5013ms] [WARNING] Image with src "/images/hero/keyboard-hero.webp" was detected as the Largest Contentful Paint (LCP). Please add the `loading="eager"` property if this image is above the fold.
Read more: https://nextjs.org/docs/app/api-reference/components/image#loading @ http://localhost:3000/_next/static/chunks/d14e7_next_dist_51049c13._.js:2297
[    5013ms] [WARNING] Image with src "/images/hero/ian-sunglasses.webp" was detected as the Largest Contentful Paint (LCP). Please add the `loading="eager"` property if this image is above the fold.
Read more: https://nextjs.org/docs/app/api-reference/components/image#loading @ http://localhost:3000/_next/static/chunks/d14e7_next_dist_51049c13._.js:2297
[    5101ms] [LOG] %c[Vercel Web Analytics]%c Debug mode is enabled by default in development. No requests will be sent to the server. color: rgb(120, 120, 120) color: inherit @ http://localhost:3000/_next/static/chunks/d14e7_next_dist_51049c13._.js:2297
[    5101ms] [LOG] %c[Vercel Web Analytics]%c [view] http://localhost:3000/?r=3 color: rgb(120, 120, 120) color: inherit {o: http://localhost:3000/?r=3, sv: 0.1.3, sdkn: @vercel/analytics/react, sdkv: 1.6.1, ts: 1787620961753} /_vercel/insights/view @ http://localhost:3000/_next/static/chunks/d14e7_next_dist_51049c13._.js:2297
[    5423ms] [LOG] [Fast Refresh] rebuilding @ http://localhost:3000/_next/static/chunks/d14e7_next_dist_51049c13._.js:2297
[    5623ms] [LOG] [Fast Refresh] done in 304ms @ http://localhost:3000/_next/static/chunks/d14e7_next_dist_51049c13._.js:2297
[    5762ms] [INFO] %cDownload the React DevTools for a better development experience: https://react.dev/link/react-devtools font-weight:bold @ http://localhost:3000/_next/static/chunks/d14e7_next_dist_51049c13._.js:2297
[    5805ms] [LOG] [HMR] connected @ http://localhost:3000/_next/static/chunks/d14e7_next_dist_51049c13._.js:2297
[    6174ms] [WARNING] Image with src "/images/hero/ian-sunglasses.webp" was detected as the Largest Contentful Paint (LCP). Please add the `loading="eager"` property if this image is above the fold.
Read more: https://nextjs.org/docs/app/api-reference/components/image#loading @ http://localhost:3000/_next/static/chunks/d14e7_next_dist_51049c13._.js:2297
[    6268ms] [LOG] %c[Vercel Web Analytics]%c Debug mode is enabled by default in development. No requests will be sent to the server. color: rgb(120, 120, 120) color: inherit @ http://localhost:3000/_next/static/chunks/d14e7_next_dist_51049c13._.js:2297
[    6268ms] [LOG] %c[Vercel Web Analytics]%c [view] http://localhost:3000/?r=4 color: rgb(120, 120, 120) color: inherit {o: http://localhost:3000/?r=4, sv: 0.1.3, sdkn: @vercel/analytics/react, sdkv: 1.6.1, ts: 1787620962920} /_vercel/insights/view @ http://localhost:3000/_next/static/chunks/d14e7_next_dist_51049c13._.js:2297
[    6673ms] [LOG] [Fast Refresh] rebuilding @ http://localhost:3000/_next/static/chunks/d14e7_next_dist_51049c13._.js:2297
[    6859ms] [LOG] [Fast Refresh] done in 291ms @ http://localhost:3000/_next/static/chunks/d14e7_next_dist_51049c13._.js:2297
[    6987ms] [INFO] %cDownload the React DevTools for a better development experience: https://react.dev/link/react-devtools font-weight:bold @ http://localhost:3000/_next/static/chunks/d14e7_next_dist_51049c13._.js:2297
[    7036ms] [LOG] [HMR] connected @ http://localhost:3000/_next/static/chunks/d14e7_next_dist_51049c13._.js:2297
[    7381ms] [WARNING] Image with src "/images/hero/ian-sunglasses.webp" was detected as the Largest Contentful Paint (LCP). Please add the `loading="eager"` property if this image is above the fold.
Read more: https://nextjs.org/docs/app/api-reference/components/image#loading @ http://localhost:3000/_next/static/chunks/d14e7_next_dist_51049c13._.js:2297
[    7478ms] [LOG] %c[Vercel Web Analytics]%c Debug mode is enabled by default in development. No requests will be sent to the server. color: rgb(120, 120, 120) color: inherit @ http://localhost:3000/_next/static/chunks/d14e7_next_dist_51049c13._.js:2297
[    7478ms] [LOG] %c[Vercel Web Analytics]%c [view] http://localhost:3000/?r=5 color: rgb(120, 120, 120) color: inherit {o: http://localhost:3000/?r=5, sv: 0.1.3, sdkn: @vercel/analytics/react, sdkv: 1.6.1, ts: 1787620964130} /_vercel/insights/view @ http://localhost:3000/_next/static/chunks/d14e7_next_dist_51049c13._.js:2297
[    7900ms] [LOG] [Fast Refresh] rebuilding @ http://localhost:3000/_next/static/chunks/d14e7_next_dist_51049c13._.js:2297
[    8013ms] [LOG] [Fast Refresh] done in 215ms @ http://localhost:3000/_next/static/chunks/d14e7_next_dist_51049c13._.js:2297
[    8146ms] [INFO] %cDownload the React DevTools for a better development experience: https://react.dev/link/react-devtools font-weight:bold @ http://localhost:3000/_next/static/chunks/d14e7_next_dist_51049c13._.js:2297
[    8187ms] [LOG] [HMR] connected @ http://localhost:3000/_next/static/chunks/d14e7_next_dist_51049c13._.js:2297
[    8531ms] [WARNING] Image with src "/images/hero/ian-sunglasses.webp" was detected as the Largest Contentful Paint (LCP). Please add the `loading="eager"` property if this image is above the fold.
Read more: https://nextjs.org/docs/app/api-reference/components/image#loading @ http://localhost:3000/_next/static/chunks/d14e7_next_dist_51049c13._.js:2297
[    8638ms] [LOG] %c[Vercel Web Analytics]%c Debug mode is enabled by default in development. No requests will be sent to the server. color: rgb(120, 120, 120) color: inherit @ http://localhost:3000/_next/static/chunks/d14e7_next_dist_51049c13._.js:2297
[    8638ms] [LOG] %c[Vercel Web Analytics]%c [view] http://localhost:3000/?r=6 color: rgb(120, 120, 120) color: inherit {o: http://localhost:3000/?r=6, sv: 0.1.3, sdkn: @vercel/analytics/react, sdkv: 1.6.1, ts: 1787620965290} /_vercel/insights/view @ http://localhost:3000/_next/static/chunks/d14e7_next_dist_51049c13._.js:2297
[    9064ms] [LOG] [Fast Refresh] rebuilding @ http://localhost:3000/_next/static/chunks/d14e7_next_dist_51049c13._.js:2297
[    9266ms] [LOG] [Fast Refresh] done in 305ms @ http://localhost:3000/_next/static/chunks/d14e7_next_dist_51049c13._.js:2297
[    9418ms] [INFO] %cDownload the React DevTools for a better development experience: https://react.dev/link/react-devtools font-weight:bold @ http://localhost:3000/_next/static/chunks/d14e7_next_dist_51049c13._.js:2297
[    9460ms] [LOG] [HMR] connected @ http://localhost:3000/_next/static/chunks/d14e7_next_dist_51049c13._.js:2297
[    9818ms] [WARNING] Image with src "/images/hero/ian-sunglasses.webp" was detected as the Largest Contentful Paint (LCP). Please add the `loading="eager"` property if this image is above the fold.
Read more: https://nextjs.org/docs/app/api-reference/components/image#loading @ http://localhost:3000/_next/static/chunks/d14e7_next_dist_51049c13._.js:2297
[    9912ms] [LOG] %c[Vercel Web Analytics]%c Debug mode is enabled by default in development. No requests will be sent to the server. color: rgb(120, 120, 120) color: inherit @ http://localhost:3000/_next/static/chunks/d14e7_next_dist_51049c13._.js:2297
[    9923ms] [LOG] %c[Vercel Web Analytics]%c [view] http://localhost:3000/?r=7 color: rgb(120, 120, 120) color: inherit {o: http://localhost:3000/?r=7, sv: 0.1.3, sdkn: @vercel/analytics/react, sdkv: 1.6.1, ts: 1787620966565} /_vercel/insights/view @ http://localhost:3000/_next/static/chunks/d14e7_next_dist_51049c13._.js:2297
[   10297ms] [WARNING] rotate not eligible for reset. Try splitting into individual properties @ http://localhost:3000/_next/static/chunks/d14e7_next_dist_51049c13._.js:2297
[   10298ms] [WARNING] rotate not eligible for reset. Try splitting into individual properties @ http://localhost:3000/_next/static/chunks/d14e7_next_dist_51049c13._.js:2297
[   10305ms] [WARNING] rotate not eligible for reset. Try splitting into individual properties @ http://localhost:3000/_next/static/chunks/d14e7_next_dist_51049c13._.js:2297
[   10305ms] [WARNING] rotate not eligible for reset. Try splitting into individual properties @ http://localhost:3000/_next/static/chunks/d14e7_next_dist_51049c13._.js:2297
[   10314ms] [WARNING] rotate not eligible for reset. Try splitting into individual properties @ http://localhost:3000/_next/static/chunks/d14e7_next_dist_51049c13._.js:2297
[   10315ms] [WARNING] rotate not eligible for reset. Try splitting into individual properties @ http://localhost:3000/_next/static/chunks/d14e7_next_dist_51049c13._.js:2297
[   10321ms] [WARNING] rotate not eligible for reset. Try splitting into individual properties @ http://localhost:3000/_next/static/chunks/d14e7_next_dist_51049c13._.js:2297
[   10321ms] [WARNING] rotate not eligible for reset. Try splitting into individual properties @ http://localhost:3000/_next/static/chunks/d14e7_next_dist_51049c13._.js:2297
[   10330ms] [WARNING] rotate not eligible for reset. Try splitting into individual properties @ http://localhost:3000/_next/static/chunks/d14e7_next_dist_51049c13._.js:2297
[   10330ms] [WARNING] rotate not eligible for reset. Try splitting into individual properties @ http://localhost:3000/_next/static/chunks/d14e7_next_dist_51049c13._.js:2297
[   10336ms] [WARNING] rotate not eligible for reset. Try splitting into individual properties @ http://localhost:3000/_next/static/chunks/d14e7_next_dist_51049c13._.js:2297
[   10336ms] [WARNING] rotate not eligible for reset. Try splitting into individual properties @ http://localhost:3000/_next/static/chunks/d14e7_next_dist_51049c13._.js:2297
[   10340ms] [LOG] [Fast Refresh] rebuilding @ http://localhost:3000/_next/static/chunks/d14e7_next_dist_51049c13._.js:2297
[   10344ms] [WARNING] rotate not eligible for reset. Try splitting into individual properties @ http://localhost:3000/_next/static/chunks/d14e7_next_dist_51049c13._.js:2297
[   10344ms] [WARNING] rotate not eligible for reset. Try splitting into individual properties @ http://localhost:3000/_next/static/chunks/d14e7_next_dist_51049c13._.js:2297
[   10357ms] [WARNING] rotate not eligible for reset. Try splitting into individual properties @ http://localhost:3000/_next/static/chunks/d14e7_next_dist_51049c13._.js:2297
[   10357ms] [WARNING] rotate not eligible for reset. Try splitting into individual properties @ http://localhost:3000/_next/static/chunks/d14e7_next_dist_51049c13._.js:2297
[   10399ms] [WARNING] rotate not eligible for reset. Try splitting into individual properties @ http://localhost:3000/_next/static/chunks/d14e7_next_dist_51049c13._.js:2297
[   10399ms] [WARNING] rotate not eligible for reset. Try splitting into individual properties @ http://localhost:3000/_next/static/chunks/d14e7_next_dist_51049c13._.js:2297
[   10405ms] [WARNING] rotate not eligible for reset. Try splitting into individual properties @ http://localhost:3000/_next/static/chunks/d14e7_next_dist_51049c13._.js:2297
[   10406ms] [WARNING] rotate not eligible for reset. Try splitting into individual properties @ http://localhost:3000/_next/static/chunks/d14e7_next_dist_51049c13._.js:2297
[   10555ms] [LOG] [Fast Refresh] done in 318ms @ http://localhost:3000/_next/static/chunks/d14e7_next_dist_51049c13._.js:2297
[   10764ms] [INFO] %cDownload the React DevTools for a better development experience: https://react.dev/link/react-devtools font-weight:bold @ http://localhost:3000/_next/static/chunks/d14e7_next_dist_51049c13._.js:2297
[   10841ms] [LOG] [HMR] connected @ http://localhost:3000/_next/static/chunks/d14e7_next_dist_51049c13._.js:2297
[   11316ms] [WARNING] Image with src "/images/hero/ian-sunglasses.webp" was detected as the Largest Contentful Paint (LCP). Please add the `loading="eager"` property if this image is above the fold.
Read more: https://nextjs.org/docs/app/api-reference/components/image#loading @ http://localhost:3000/_next/static/chunks/d14e7_next_dist_51049c13._.js:2297
[   11409ms] [LOG] %c[Vercel Web Analytics]%c Debug mode is enabled by default in development. No requests will be sent to the server. color: rgb(120, 120, 120) color: inherit @ http://localhost:3000/_next/static/chunks/d14e7_next_dist_51049c13._.js:2297
[   11409ms] [LOG] %c[Vercel Web Analytics]%c [view] http://localhost:3000/?r=8 color: rgb(120, 120, 120) color: inherit {o: http://localhost:3000/?r=8, sv: 0.1.3, sdkn: @vercel/analytics/react, sdkv: 1.6.1, ts: 1787620968062} /_vercel/insights/view @ http://localhost:3000/_next/static/chunks/d14e7_next_dist_51049c13._.js:2297
[   11641ms] [LOG] [Fast Refresh] rebuilding @ http://localhost:3000/_next/static/chunks/d14e7_next_dist_51049c13._.js:2297
[   11924ms] [LOG] [Fast Refresh] done in 388ms @ http://localhost:3000/_next/static/chunks/d14e7_next_dist_51049c13._.js:2297
[   12107ms] [INFO] %cDownload the React DevTools for a better development experience: https://react.dev/link/react-devtools font-weight:bold @ http://localhost:3000/_next/static/chunks/d14e7_next_dist_51049c13._.js:2297
[   12145ms] [LOG] [HMR] connected @ http://localhost:3000/_next/static/chunks/d14e7_next_dist_51049c13._.js:2297
[   12509ms] [WARNING] Image with src "/images/hero/ian-sunglasses.webp" was detected as the Largest Contentful Paint (LCP). Please add the `loading="eager"` property if this image is above the fold.
Read more: https://nextjs.org/docs/app/api-reference/components/image#loading @ http://localhost:3000/_next/static/chunks/d14e7_next_dist_51049c13._.js:2297
[   12680ms] [LOG] %c[Vercel Web Analytics]%c Debug mode is enabled by default in development. No requests will be sent to the server. color: rgb(120, 120, 120) color: inherit @ http://localhost:3000/_next/static/chunks/d14e7_next_dist_51049c13._.js:2297
[   12680ms] [LOG] %c[Vercel Web Analytics]%c [view] http://localhost:3000/?r=9 color: rgb(120, 120, 120) color: inherit {o: http://localhost:3000/?r=9, sv: 0.1.3, sdkn: @vercel/analytics/react, sdkv: 1.6.1, ts: 1787620969333} /_vercel/insights/view @ http://localhost:3000/_next/static/chunks/d14e7_next_dist_51049c13._.js:2297
