[     503ms] [INFO] %cDownload the React DevTools for a better development experience: https://react.dev/link/react-devtools font-weight:bold @ http://localhost:3000/_next/static/chunks/d14e7_next_dist_51049c13._.js:2297
[     629ms] [LOG] [HMR] connected @ http://localhost:3000/_next/static/chunks/d14e7_next_dist_51049c13._.js:2297
[    1060ms] [LOG] %c[Vercel Web Analytics]%c Debug mode is enabled by default in development. No requests will be sent to the server. color: rgb(120, 120, 120) color: inherit @ http://localhost:3000/_next/static/chunks/d14e7_next_dist_51049c13._.js:2297
[    1061ms] [LOG] %c[Vercel Web Analytics]%c [view] http://localhost:3000/?r=0 color: rgb(120, 120, 120) color: inherit {o: http://localhost:3000/?r=0, sv: 0.1.3, sdkn: @vercel/analytics/react, sdkv: 1.6.1, ts: 1787620982743} /_vercel/insights/view @ http://localhost:3000/_next/static/chunks/d14e7_next_dist_51049c13._.js:2297
[    1315ms] [LOG] [Fast Refresh] rebuilding @ http://localhost:3000/_next/static/chunks/d14e7_next_dist_51049c13._.js:2297
[    1456ms] [LOG] [Fast Refresh] done in 241ms @ http://localhost:3000/_next/static/chunks/d14e7_next_dist_51049c13._.js:2297
[    1597ms] [INFO] %cDownload the React DevTools for a better development experience: https://react.dev/link/react-devtools font-weight:bold @ http://localhost:3000/_next/static/chunks/d14e7_next_dist_51049c13._.js:2297
[    1631ms] [LOG] [HMR] connected @ http://localhost:3000/_next/static/chunks/d14e7_next_dist_51049c13._.js:2297
[    1899ms] [WARNING] Image with src "/images/hero/ian-sunglasses.webp" was detected as the Largest Contentful Paint (LCP). Please add the `loading="eager"` property if this image is above the fold.
Read more: https://nextjs.org/docs/app/api-reference/components/image#loading @ http://localhost:3000/_next/static/chunks/d14e7_next_dist_51049c13._.js:2297
[    1975ms] [LOG] %c[Vercel Web Analytics]%c Debug mode is enabled by default in development. No requests will be sent to the server. color: rgb(120, 120, 120) color: inherit @ http://localhost:3000/_next/static/chunks/d14e7_next_dist_51049c13._.js:2297
[    1975ms] [LOG] %c[Vercel Web Analytics]%c [view] http://localhost:3000/?r=1 color: rgb(120, 120, 120) color: inherit {o: http://localhost:3000/?r=1, sv: 0.1.3, sdkn: @vercel/analytics/react, sdkv: 1.6.1, ts: 1787620983657} /_vercel/insights/view @ http://localhost:3000/_next/static/chunks/d14e7_next_dist_51049c13._.js:2297
[    2519ms] [LOG] [Fast Refresh] rebuilding @ http://localhost:3000/_next/static/chunks/d14e7_next_dist_51049c13._.js:2297
[    2766ms] [LOG] [Fast Refresh] done in 351ms @ http://localhost:3000/_next/static/chunks/d14e7_next_dist_51049c13._.js:2297
[    2895ms] [INFO] %cDownload the React DevTools for a better development experience: https://react.dev/link/react-devtools font-weight:bold @ http://localhost:3000/_next/static/chunks/d14e7_next_dist_51049c13._.js:2297
[    2931ms] [LOG] [HMR] connected @ http://localhost:3000/_next/static/chunks/d14e7_next_dist_51049c13._.js:2297
[    3199ms] [WARNING] Image with src "/images/hero/keyboard-hero.webp" was detected as the Largest Contentful Paint (LCP). Please add the `loading="eager"` property if this image is above the fold.
Read more: https://nextjs.org/docs/app/api-reference/components/image#loading @ http://localhost:3000/_next/static/chunks/d14e7_next_dist_51049c13._.js:2297
[    3199ms] [WARNING] Image with src "/images/hero/ian-sunglasses.webp" was detected as the Largest Contentful Paint (LCP). Please add the `loading="eager"` property if this image is above the fold.
Read more: https://nextjs.org/docs/app/api-reference/components/image#loading @ http://localhost:3000/_next/static/chunks/d14e7_next_dist_51049c13._.js:2297
[    3273ms] [LOG] %c[Vercel Web Analytics]%c Debug mode is enabled by default in development. No requests will be sent to the server. color: rgb(120, 120, 120) color: inherit @ http://localhost:3000/_next/static/chunks/d14e7_next_dist_51049c13._.js:2297
[    3274ms] [LOG] %c[Vercel Web Analytics]%c [view] http://localhost:3000/?r=2 color: rgb(120, 120, 120) color: inherit {o: http://localhost:3000/?r=2, sv: 0.1.3, sdkn: @vercel/analytics/react, sdkv: 1.6.1, ts: 1787620984956} /_vercel/insights/view @ http://localhost:3000/_next/static/chunks/d14e7_next_dist_51049c13._.js:2297
[    3814ms] [LOG] [Fast Refresh] rebuilding @ http://localhost:3000/_next/static/chunks/d14e7_next_dist_51049c13._.js:2297
[    3887ms] [LOG] [Fast Refresh] done in 175ms @ http://localhost:3000/_next/static/chunks/d14e7_next_dist_51049c13._.js:2297
[    4019ms] [INFO] %cDownload the React DevTools for a better development experience: https://react.dev/link/react-devtools font-weight:bold @ http://localhost:3000/_next/static/chunks/d14e7_next_dist_51049c13._.js:2297
[    4051ms] [LOG] [HMR] connected @ http://localhost:3000/_next/static/chunks/d14e7_next_dist_51049c13._.js:2297
[    4287ms] [WARNING] Image with src "/images/hero/ian-sunglasses.webp" was detected as the Largest Contentful Paint (LCP). Please add the `loading="eager"` property if this image is above the fold.
Read more: https://nextjs.org/docs/app/api-reference/components/image#loading @ http://localhost:3000/_next/static/chunks/d14e7_next_dist_51049c13._.js:2297
[    4364ms] [LOG] %c[Vercel Web Analytics]%c Debug mode is enabled by default in development. No requests will be sent to the server. color: rgb(120, 120, 120) color: inherit @ http://localhost:3000/_next/static/chunks/d14e7_next_dist_51049c13._.js:2297
[    4365ms] [LOG] %c[Vercel Web Analytics]%c [view] http://localhost:3000/?r=3 color: rgb(120, 120, 120) color: inherit {o: http://localhost:3000/?r=3, sv: 0.1.3, sdkn: @vercel/analytics/react, sdkv: 1.6.1, ts: 1787620986047} /_vercel/insights/view @ http://localhost:3000/_next/static/chunks/d14e7_next_dist_51049c13._.js:2297
[    4940ms] [LOG] [Fast Refresh] rebuilding @ http://localhost:3000/_next/static/chunks/d14e7_next_dist_51049c13._.js:2297
[    5027ms] [LOG] [Fast Refresh] done in 191ms @ http://localhost:3000/_next/static/chunks/d14e7_next_dist_51049c13._.js:2297
[    5146ms] [INFO] %cDownload the React DevTools for a better development experience: https://react.dev/link/react-devtools font-weight:bold @ http://localhost:3000/_next/static/chunks/d14e7_next_dist_51049c13._.js:2297
[    5172ms] [LOG] [HMR] connected @ http://localhost:3000/_next/static/chunks/d14e7_next_dist_51049c13._.js:2297
[    5441ms] [WARNING] Image with src "/images/hero/keyboard-hero.webp" was detected as the Largest Contentful Paint (LCP). Please add the `loading="eager"` property if this image is above the fold.
Read more: https://nextjs.org/docs/app/api-reference/components/image#loading @ http://localhost:3000/_next/static/chunks/d14e7_next_dist_51049c13._.js:2297
[    5441ms] [WARNING] Image with src "/images/hero/ian-sunglasses.webp" was detected as the Largest Contentful Paint (LCP). Please add the `loading="eager"` property if this image is above the fold.
Read more: https://nextjs.org/docs/app/api-reference/components/image#loading @ http://localhost:3000/_next/static/chunks/d14e7_next_dist_51049c13._.js:2297
[    5512ms] [LOG] %c[Vercel Web Analytics]%c Debug mode is enabled by default in development. No requests will be sent to the server. color: rgb(120, 120, 120) color: inherit @ http://localhost:3000/_next/static/chunks/d14e7_next_dist_51049c13._.js:2297
[    5512ms] [LOG] %c[Vercel Web Analytics]%c [view] http://localhost:3000/?r=4 color: rgb(120, 120, 120) color: inherit {o: http://localhost:3000/?r=4, sv: 0.1.3, sdkn: @vercel/analytics/react, sdkv: 1.6.1, ts: 1787620987195} /_vercel/insights/view @ http://localhost:3000/_next/static/chunks/d14e7_next_dist_51049c13._.js:2297
[    6078ms] [LOG] [Fast Refresh] rebuilding @ http://localhost:3000/_next/static/chunks/d14e7_next_dist_51049c13._.js:2297
[    6185ms] [LOG] [Fast Refresh] done in 210ms @ http://localhost:3000/_next/static/chunks/d14e7_next_dist_51049c13._.js:2297
[    6374ms] [INFO] %cDownload the React DevTools for a better development experience: https://react.dev/link/react-devtools font-weight:bold @ http://localhost:3000/_next/static/chunks/d14e7_next_dist_51049c13._.js:2297
[    6406ms] [LOG] [HMR] connected @ http://localhost:3000/_next/static/chunks/d14e7_next_dist_51049c13._.js:2297
[    6673ms] [WARNING] Image with src "/images/hero/ian-sunglasses.webp" was detected as the Largest Contentful Paint (LCP). Please add the `loading="eager"` property if this image is above the fold.
Read more: https://nextjs.org/docs/app/api-reference/components/image#loading @ http://localhost:3000/_next/static/chunks/d14e7_next_dist_51049c13._.js:2297
[    6756ms] [LOG] %c[Vercel Web Analytics]%c Debug mode is enabled by default in development. No requests will be sent to the server. color: rgb(120, 120, 120) color: inherit @ http://localhost:3000/_next/static/chunks/d14e7_next_dist_51049c13._.js:2297
[    6757ms] [LOG] %c[Vercel Web Analytics]%c [view] http://localhost:3000/?r=5 color: rgb(120, 120, 120) color: inherit {o: http://localhost:3000/?r=5, sv: 0.1.3, sdkn: @vercel/analytics/react, sdkv: 1.6.1, ts: 1787620988439} /_vercel/insights/view @ http://localhost:3000/_next/static/chunks/d14e7_next_dist_51049c13._.js:2297
[    7238ms] [LOG] [Fast Refresh] rebuilding @ http://localhost:3000/_next/static/chunks/d14e7_next_dist_51049c13._.js:2297
[    7324ms] [LOG] [Fast Refresh] done in 189ms @ http://localhost:3000/_next/static/chunks/d14e7_next_dist_51049c13._.js:2297
[    7871ms] [INFO] %cDownload the React DevTools for a better development experience: https://react.dev/link/react-devtools font-weight:bold @ http://localhost:3000/_next/static/chunks/d14e7_next_dist_51049c13._.js:2297
[    7904ms] [LOG] [HMR] connected @ http://localhost:3000/_next/static/chunks/d14e7_next_dist_51049c13._.js:2297
[    8155ms] [WARNING] Image with src "/images/hero/ian-sunglasses.webp" was detected as the Largest Contentful Paint (LCP). Please add the `loading="eager"` property if this image is above the fold.
Read more: https://nextjs.org/docs/app/api-reference/components/image#loading @ http://localhost:3000/_next/static/chunks/d14e7_next_dist_51049c13._.js:2297
[    8226ms] [LOG] %c[Vercel Web Analytics]%c Debug mode is enabled by default in development. No requests will be sent to the server. color: rgb(120, 120, 120) color: inherit @ http://localhost:3000/_next/static/chunks/d14e7_next_dist_51049c13._.js:2297
[    8227ms] [LOG] %c[Vercel Web Analytics]%c [view] http://localhost:3000/?r=6 color: rgb(120, 120, 120) color: inherit {o: http://localhost:3000/?r=6, sv: 0.1.3, sdkn: @vercel/analytics/react, sdkv: 1.6.1, ts: 1787620989909} /_vercel/insights/view @ http://localhost:3000/_next/static/chunks/d14e7_next_dist_51049c13._.js:2297
[    8378ms] [LOG] [Fast Refresh] rebuilding @ http://localhost:3000/_next/static/chunks/d14e7_next_dist_51049c13._.js:2297
[    8499ms] [LOG] [Fast Refresh] done in 226ms @ http://localhost:3000/_next/static/chunks/d14e7_next_dist_51049c13._.js:2297
[    8631ms] [INFO] %cDownload the React DevTools for a better development experience: https://react.dev/link/react-devtools font-weight:bold @ http://localhost:3000/_next/static/chunks/d14e7_next_dist_51049c13._.js:2297
[    8658ms] [LOG] [HMR] connected @ http://localhost:3000/_next/static/chunks/d14e7_next_dist_51049c13._.js:2297
[    8914ms] [WARNING] Image with src "/images/hero/ian-sunglasses.webp" was detected as the Largest Contentful Paint (LCP). Please add the `loading="eager"` property if this image is above the fold.
Read more: https://nextjs.org/docs/app/api-reference/components/image#loading @ http://localhost:3000/_next/static/chunks/d14e7_next_dist_51049c13._.js:2297
[    8991ms] [LOG] %c[Vercel Web Analytics]%c Debug mode is enabled by default in development. No requests will be sent to the server. color: rgb(120, 120, 120) color: inherit @ http://localhost:3000/_next/static/chunks/d14e7_next_dist_51049c13._.js:2297
[    8992ms] [LOG] %c[Vercel Web Analytics]%c [view] http://localhost:3000/?r=7 color: rgb(120, 120, 120) color: inherit {o: http://localhost:3000/?r=7, sv: 0.1.3, sdkn: @vercel/analytics/react, sdkv: 1.6.1, ts: 1787620990674} /_vercel/insights/view @ http://localhost:3000/_next/static/chunks/d14e7_next_dist_51049c13._.js:2297
[    9552ms] [LOG] [Fast Refresh] rebuilding @ http://localhost:3000/_next/static/chunks/d14e7_next_dist_51049c13._.js:2297
[    9627ms] [LOG] [Fast Refresh] done in 179ms @ http://localhost:3000/_next/static/chunks/d14e7_next_dist_51049c13._.js:2297
[    9745ms] [INFO] %cDownload the React DevTools for a better development experience: https://react.dev/link/react-devtools font-weight:bold @ http://localhost:3000/_next/static/chunks/d14e7_next_dist_51049c13._.js:2297
[    9774ms] [LOG] [HMR] connected @ http://localhost:3000/_next/static/chunks/d14e7_next_dist_51049c13._.js:2297
[   10051ms] [WARNING] Image with src "/images/hero/ian-sunglasses.webp" was detected as the Largest Contentful Paint (LCP). Please add the `loading="eager"` property if this image is above the fold.
Read more: https://nextjs.org/docs/app/api-reference/components/image#loading @ http://localhost:3000/_next/static/chunks/d14e7_next_dist_51049c13._.js:2297
[   10134ms] [LOG] %c[Vercel Web Analytics]%c Debug mode is enabled by default in development. No requests will be sent to the server. color: rgb(120, 120, 120) color: inherit @ http://localhost:3000/_next/static/chunks/d14e7_next_dist_51049c13._.js:2297
[   10134ms] [LOG] %c[Vercel Web Analytics]%c [view] http://localhost:3000/?r=8 color: rgb(120, 120, 120) color: inherit {o: http://localhost:3000/?r=8, sv: 0.1.3, sdkn: @vercel/analytics/react, sdkv: 1.6.1, ts: 1787620991817} /_vercel/insights/view @ http://localhost:3000/_next/static/chunks/d14e7_next_dist_51049c13._.js:2297
[   10676ms] [LOG] [Fast Refresh] rebuilding @ http://localhost:3000/_next/static/chunks/d14e7_next_dist_51049c13._.js:2297
[   10781ms] [LOG] [Fast Refresh] done in 207ms @ http://localhost:3000/_next/static/chunks/d14e7_next_dist_51049c13._.js:2297
[   10903ms] [INFO] %cDownload the React DevTools for a better development experience: https://react.dev/link/react-devtools font-weight:bold @ http://localhost:3000/_next/static/chunks/d14e7_next_dist_51049c13._.js:2297
[   10937ms] [LOG] [HMR] connected @ http://localhost:3000/_next/static/chunks/d14e7_next_dist_51049c13._.js:2297
[   11205ms] [WARNING] Image with src "/images/hero/ian-sunglasses.webp" was detected as the Largest Contentful Paint (LCP). Please add the `loading="eager"` property if this image is above the fold.
Read more: https://nextjs.org/docs/app/api-reference/components/image#loading @ http://localhost:3000/_next/static/chunks/d14e7_next_dist_51049c13._.js:2297
[   11281ms] [LOG] %c[Vercel Web Analytics]%c Debug mode is enabled by default in development. No requests will be sent to the server. color: rgb(120, 120, 120) color: inherit @ http://localhost:3000/_next/static/chunks/d14e7_next_dist_51049c13._.js:2297
[   11281ms] [LOG] %c[Vercel Web Analytics]%c [view] http://localhost:3000/?r=9 color: rgb(120, 120, 120) color: inherit {o: http://localhost:3000/?r=9, sv: 0.1.3, sdkn: @vercel/analytics/react, sdkv: 1.6.1, ts: 1787620992964} /_vercel/insights/view @ http://localhost:3000/_next/static/chunks/d14e7_next_dist_51049c13._.js:2297
